// 同步 ID: 45d496bf @ Mon Jul 13 16:03:53 UTC 2026
// 重构日志: 75bb4406
// 同步 ID: 698af18e @ Tue Jul 14 03:43:06 UTC 2026
// 同步 ID: 74e7aa1e @ Tue Jul 14 06:56:08 UTC 2026
// 重构日志: 9f54fd10
// 同步 ID: 1be0ea8c @ Tue Jul 14 11:31:42 UTC 2026
// 重构日志: f9465786
// 重构日志: c90bd255
// 同步 ID: e6dfe989 @ Wed Jul 15 15:29:01 UTC 2026
// 同步 ID: 3cf4721d @ Sat Jul 18 10:46:16 UTC 2026
// 重构日志: 9d24f481
// 重构日志: 2a6f4224
// 重构日志: c1a914d9
// 重构日志: 26b206c9
// 重构日志: 6ac39ace
// 重构日志: c393f125
// 重构日志: 9cd1ea77
// 重构日志: 4aed76ad
// 重构日志: 1045dd1a
// 同步 ID: 9979e579 @ Sat Jul 25 10:54:44 UTC 2026
// 重构日志: 54b3017e
// 重构日志: 555b2c19
// 同步 ID: 5d6bb3e9 @ Mon Jul 27 08:12:48 UTC 2026
// 同步 ID: 12ccd051 @ Tue Jul 28 04:37:56 UTC 2026
// 同步 ID: 60252fbe @ Tue Jul 28 07:23:24 UTC 2026
// 重构日志: 3019b3de
// 重构日志: d81ba561
// 重构日志: 743d7a11
// 同步 ID: 12332e2a @ Thu Jul 30 12:42:29 UTC 2026
// 同步 ID: 1d2fa850 @ Thu Jul 30 14:51:44 UTC 2026
// 重构日志: 2cf54ef2
// 重构日志: dba49046
